npm notice run waqt-frontend@0.1.0 build
npm notice run next build
▲ Next.js 16.3.0 (Turbopack)
- Environments: .env.local
✓ Running next.config.ts took 77ms

  Creating an optimized production build ...
Found 1 warning while optimizing generated CSS:

[2m│   }[22m
[2m│ }[22m
[2m│[22m @import url('https://fonts.googleapis.com/css2?family=Inter:wght@300;400;500;600;700;800;900&family=Cairo:wght@400;500;600;700;800&display=swap');
[2m┆[22m        [33m[2m^--[22m @import rules must precede all rules aside from @charset and @layer statements[39m
[2m┆[22m
[2m│ html {[22m
[2m│   scroll-behavior: smooth;[22m

✓ Compiled successfully in 11.6s
  Running TypeScript ...
  Finished TypeScript in 2.8s ...
  Collecting page data using 3 workers ...
  Generating static pages using 3 workers (0/8) ...
  Generating static pages using 3 workers (2/8) 
  Generating static pages using 3 workers (4/8) 
  Generating static pages using 3 workers (6/8) 
✓ Generating static pages using 3 workers (8/8) in 557ms
  Finalizing page optimization ...

Route (app)
┌ ○ /
├ ○ /_not-found
├ ○ /cart
├ ○ /checkout
├ ○ /checkout/success
├ ○ /products
└ ƒ /products/[id]


○  (Static)   prerendered as static content
ƒ  (Dynamic)  server-rendered on demand

